MPLINK 5.09, LINKER
Linker Map File - Created Fri Oct 27 11:58:33 2023

                                 Section Info
                  Section       Type    Address   Location Size(Bytes)
                ---------  ---------  ---------  ---------  ---------
                   .org_0       code   0x000000    program   0x000004
                   .cinit    romdata   0x000004    program   0x000002
                   .org_1       code   0x000008    program   0x000002
                   .org_2       code   0x000018    program   0x000466
.config_300001_BUILD/DEFAULT/PRODUCTION/P1F1.O    romdata   0x300001    program   0x000001
.config_300003_BUILD/DEFAULT/PRODUCTION/P1F1.O    romdata   0x300003    program   0x000001
.config_300005_BUILD/DEFAULT/PRODUCTION/P1F1.O    romdata   0x300005    program   0x000001
.config_300006_BUILD/DEFAULT/PRODUCTION/P1F1.O    romdata   0x300006    program   0x000001



                              Program Memory Usage 
                               Start         End      
                           ---------   ---------      
                            0x000000    0x000005      
                            0x000008    0x000009      
                            0x000018    0x00047d      
                            0x300001    0x300001      
                            0x300003    0x300003      
                            0x300005    0x300006      
            1138 out of 8472 program addresses used, program memory utilization is 13%



                              Symbols - Sorted by Name
                     Name    Address   Location    Storage File                     
                ---------  ---------  ---------  --------- ---------                
               CONFIG_OSC   0x00001a    program     static C:\Users\drago\Documents\3R\Compus\Prac1_Fase1\PIC\P1F1.X\P1F1.asm
                     LOOP   0x000064    program     static C:\Users\drago\Documents\3R\Compus\Prac1_Fase1\PIC\P1F1.X\P1F1.asm
                     MAIN   0x000024    program     static C:\Users\drago\Documents\3R\Compus\Prac1_Fase1\PIC\P1F1.X\P1F1.asm



                              Symbols - Sorted by Address
                     Name    Address   Location    Storage File                     
                ---------  ---------  ---------  --------- ---------                
               CONFIG_OSC   0x00001a    program     static C:\Users\drago\Documents\3R\Compus\Prac1_Fase1\PIC\P1F1.X\P1F1.asm
                     MAIN   0x000024    program     static C:\Users\drago\Documents\3R\Compus\Prac1_Fase1\PIC\P1F1.X\P1F1.asm
                     LOOP   0x000064    program     static C:\Users\drago\Documents\3R\Compus\Prac1_Fase1\PIC\P1F1.X\P1F1.asm


